// Jest Snapshot v1, https://goo.gl/fbAQLP

exports[`Login Screen renders correctly 1`] = `
<View
  style={
    {
      "alignItems": "center",
      "backgroundColor": "black",
      "flex": 1,
      "justifyContent": "center",
      "padding": 20,
    }
  }
>
  <Image
    source={
      {
        "testUri": "../../../src/assets/images/home-bg.jpg",
      }
    }
    style={
      {
        "position": "absolute",
      }
    }
  />
  <Text
    style={
      {
        "color": "white",
        "fontSize": 40,
        "fontWeight": "bold",
        "marginBottom": 50,
      }
    }
  >
    Demo App
  </Text>
  <TextInput
    keyboardType="email-address"
    onChangeText={[Function]}
    placeholder="User name"
    style={
      {
        "backgroundColor": "#FFFFFF80",
        "borderRadius": 20,
        "margin": 10,
        "paddingHorizontal": 20,
        "paddingVertical": 10,
        "width": "100%",
      }
    }
    testID="email-input"
    value=""
  />
  <TextInput
    keyboardType="visible-password"
    onChangeText={[Function]}
    placeholder="Password"
    style={
      {
        "backgroundColor": "#FFFFFF80",
        "borderRadius": 20,
        "margin": 10,
        "paddingHorizontal": 20,
        "paddingVertical": 10,
        "width": "100%",
      }
    }
    testID="password-input"
    value=""
  />
  <View
    accessibilityState={
      {
        "busy": undefined,
        "checked": undefined,
        "disabled": true,
        "expanded": undefined,
        "selected": undefined,
      }
    }
    accessibilityValue={
      {
        "max": undefined,
        "min": undefined,
        "now": undefined,
        "text": undefined,
      }
    }
    accessible={true}
    collapsable={false}
    focusable={true}
    onClick={[Function]}
    onResponderGrant={[Function]}
    onResponderMove={[Function]}
    onResponderRelease={[Function]}
    onResponderTerminate={[Function]}
    onResponderTerminationRequest={[Function]}
    onStartShouldSetResponder={[Function]}
    style={
      {
        "alignItems": "center",
        "backgroundColor": "#80808050",
        "borderRadius": 30,
        "justifyContent": "center",
        "marginTop": 30,
        "opacity": 1,
        "paddingVertical": 20,
        "width": "60%",
      }
    }
    testID="login-button"
  >
    <Text
      style={
        [
          {
            "color": "white",
          },
          {
            "color": "black",
          },
        ]
      }
    >
      Login
    </Text>
  </View>
</View>
`;
